Davids-MacBook-Pro:lesson05 davidrusso$ python -m pdb recursive.py 14
> /Users/davidrusso/Documents/Classes/Python Certificate/Advanced Python/Sp2018-Online/students/david_russo/lesson05/recursive.py(1)<module>()
-> import sys
(Pdb) quit
Davids-MacBook-Pro:lesson05 davidrusso$ python -m pdb recursive.py 15
> /Users/davidrusso/Documents/Classes/Python Certificate/Advanced Python/Sp2018-Online/students/david_russo/lesson05/recursive.py(1)<module>()
-> import sys
(Pdb) ll
  1  ->	import sys
  2  	
  3  	
  4  	def my_fun(n):
  5  	    if n == 2:
  6  	        return True
  7  	
  8  	    return my_fun(n/2)
  9  	
 10  	
 11  	if __name__ == '__main__':
 12  	    n = int(sys.argv[1])
 13  	    print(my_fun(n))
(Pdb) b 12
Breakpoint 1 at /Users/davidrusso/Documents/Classes/Python Certificate/Advanced Python/Sp2018-Online/students/david_russo/lesson05/recursive.py:12
(Pdb) c
> /Users/davidrusso/Documents/Classes/Python Certificate/Advanced Python/Sp2018-Online/students/david_russo/lesson05/recursive.py(12)<module>()
-> n = int(sys.argv[1])
(Pdb) pp n
*** NameError: name 'n' is not defined
(Pdb) n
> /Users/davidrusso/Documents/Classes/Python Certificate/Advanced Python/Sp2018-Online/students/david_russo/lesson05/recursive.py(13)<module>()
-> print(my_fun(n))
(Pdb) pp n
15
(Pdb) s
--Call--
> /Users/davidrusso/Documents/Classes/Python Certificate/Advanced Python/Sp2018-Online/students/david_russo/lesson05/recursive.py(4)my_fun()
-> def my_fun(n):
(Pdb) pp n
15
(Pdb) n
> /Users/davidrusso/Documents/Classes/Python Certificate/Advanced Python/Sp2018-Online/students/david_russo/lesson05/recursive.py(5)my_fun()
-> if n == 2:
(Pdb) pp n
15
(Pdb) ll
  4  	def my_fun(n):
  5  ->	    if n == 2:
  6  	        return True
  7  	
  8  	    return my_fun(n/2)
(Pdb) n
> /Users/davidrusso/Documents/Classes/Python Certificate/Advanced Python/Sp2018-Online/students/david_russo/lesson05/recursive.py(8)my_fun()
-> return my_fun(n/2)
(Pdb) pp n/2
7.5
(Pdb) 